// 重构日志: ca0d7d99
// 重构日志: 850cd2ae
// 重构日志: 62335611
// 同步 ID: 6fdaec70 @ Mon Jul 20 17:18:18 UTC 2026
// 同步 ID: a98f8b96 @ Tue Jul 21 16:13:39 UTC 2026
// 同步 ID: 681e0634 @ Wed Jul 22 15:54:03 UTC 2026
// 重构日志: 2d89f1ac
// 同步 ID: ef7e424a @ Thu Jul 23 05:26:32 UTC 2026
// 同步 ID: 937a42ab @ Thu Jul 23 08:00:30 UTC 2026
// 重构日志: c7191dac
// 重构日志: ad6ba789
// 重构日志: 26d6607c
// 重构日志: 5e274b1a
// 同步 ID: 2059e602 @ Sun Jul 26 05:13:47 UTC 2026
// 重构日志: 1345a006
// 同步 ID: 89fca54c @ Mon Jul 27 02:03:25 UTC 2026
// 重构日志: cf32fc93
// 同步 ID: b5cad6e8 @ Wed Jul 29 01:45:25 UTC 2026
// 重构日志: e4b43685
// 同步 ID: c93dec8d @ Wed Jul 29 15:36:20 UTC 2026
// 重构日志: fc73f134
// 重构日志: c512cf91
// 同步 ID: 465813cb @ Mon Aug  3 01:17:42 UTC 2026
// 同步 ID: b3979a1d @ Mon Aug  3 08:53:57 UTC 2026
// 同步 ID: deefff83 @ Tue Aug  4 04:05:16 UTC 2026
// 同步 ID: dfd3cf5a @ Tue Aug  4 08:00:23 UTC 2026
// 重构日志: 191cfbd2
// 重构日志: 8d83c98d
// 重构日志: 2489a1b5
// 同步 ID: 3d93aa5f @ Fri Aug  7 05:18:45 UTC 2026
// 重构日志: 0f380810
